---
source: crates/bal-parser/src/parser_test.rs
assertion_line: 100
expression: parse(input)
---
Err(
    UnexpectedToken {
        expected: [
            "INT_KW",
            "BOOLEAN_KW",
        ],
        found: "IDENTIFIER",
        span: Span {
            file: Some(
                "test.bal",
            ),
            start: 13,
            end: 14,
            line: 1,
            column: 13,
        },
    },
)
