---
source: crates/bal-parser/src/parser_test.rs
assertion_line: 94
expression: parse(input)
---
Err(
    MissingToken {
        expected: "semicolon",
        after: "import statement",
        span: Span {
            file: Some(
                "test.bal",
            ),
            start: 4,
            end: 4,
            line: 1,
            column: 12,
            line_content: None,
        },
    },
)
